// Jest Snapshot v1, https://goo.gl/fbAQLP

exports[`InputWrapper should match the snapshot 1`] = `
<div
  className="form-input"
>
  <input
    id="mockId"
    name="mockName"
    onChange={[Function]}
    type="text"
    value="test"
  />
  <label
    className="form-input-label input-value"
    htmlFor="mockId"
  >
    mockLabel
  </label>
</div>
`;
