// Jest Snapshot v1, https://goo.gl/fbAQLP

exports[`Header should match the snapshot 1`] = `
<div
  className="header-container"
>
  <div
    className="left"
  >
    <Logo>
      Sabka Bazaar
    </Logo>
    <nav
      aria-label="Primary menu"
      role="navigation"
    >
      <ul
        className="nav-list"
      >
        <li
          className="nav-item"
        >
          <NavLink
            activeClassName="active"
            exact={true}
            to="/"
          >
            Home
          </NavLink>
        </li>
        <li
          className="nav-item"
        >
          <NavLink
            activeClassName="active"
            to="/products"
          >
            Products
          </NavLink>
        </li>
      </ul>
    </nav>
  </div>
  <div
    className="right"
  >
    <nav
      aria-label="Secondary menu"
      role="navigation"
    >
      <ul
        className="login-signup-nav"
      >
        <li
          className="nav-item"
        >
          <NavLink
            activeClassName="active"
            to="/signIn"
          >
            SignIn
          </NavLink>
        </li>
        <li
          className="nav-item"
        >
          <NavLink
            activeClassName="active"
            to="/register"
          >
            Register
          </NavLink>
        </li>
      </ul>
    </nav>
    <Cart />
  </div>
</div>
`;
